https://raw.githubusercontent.com/raleighlittles/10_Days_Of_JavaScript-HackerRank/master/Day%202/Loops.js
https://raw.githubusercontent.com/onemolegames/Hackerrank-Solutions/master/10%20Days%20Of%20Javascript/Day-2/Loop.js
https://raw.githubusercontent.com/onemolegames/Hackerrank-Solutions/master/10%20Days%20Of%20Javascript/Day-2/Switch-Statements.js
https://raw.githubusercontent.com/raleighlittles/10_Days_Of_JavaScript-HackerRank/master/Day%202/Conditional%20Statements%20Switch.js
https://raw.githubusercontent.com/raleighlittles/10_Days_Of_JavaScript-HackerRank/master/Day%202/Conditional%20Statements%20If%20Else.js
https://raw.githubusercontent.com/kmichie32/Loops/master/src/com/kevinmichie/Solution.java
https://www.hackerrank.com/challenges/js10-loops/forum/comments/550949
https://www.hackerrank.com/challenges/js10-loops/forum/comments/520559
https://raw.githubusercontent.com/MuhamedSalihSeyedIbrahim/HACKER_RANK-10-DAYS-OF-JAVASCRIPT/master/Day%202%3A%20Loops.cpp
https://raw.githubusercontent.com/yorkglez/HackerRankJSDay2_Loops/master/Solution.js

