https://raw.githubusercontent.com/kgTheDev/codewars-JadenCasingStrings/master/main.js
https://raw.githubusercontent.com/vhparadajr/Codewars_jadenCasingStrings/master/jadenCasingStrings/main.js
https://raw.githubusercontent.com/MisterKaiou/Kata_JadenCasingStrings/master/JadenCasingStrings/JadenCase.cs
https://raw.githubusercontent.com/Nazarenkopavel/Jaden-Casing-Strings/master/Jaden%20Casing%20Strings.js
https://raw.githubusercontent.com/mirko2161/Codewars/32c6b1037862bf7899e7859ab7a5cf6efb259bb8/test/kata/JadenCasingStringsTest.java
https://raw.githubusercontent.com/EkremC/Codewars/3d7c6823f77b7cc80c835aa635e878d06913a5be/test/_7KYU/JadenCasingStringsTest.java
https://raw.githubusercontent.com/lndgalante/codewars-katas/955c41ad46fd55cee061f090e8f3f4e7232185ab/7-kyu/Jaden%20Casing%20Strings/index.js
https://raw.githubusercontent.com/lizheng3401/CodeWar/b52fb32249b469523e27f7b8b07906c9049e3bbc/src/com/codewar/day1/JadenCasingStrings.java
https://raw.githubusercontent.com/jeppestaerk/My-CodeWars-Solutions-Java/e76b5238afd4e3f95a37dbae445a8ebaab66f555/src/test/java/kata/kyu7/JadenCasingStringsTest.java
https://raw.githubusercontent.com/hwakabh/codewars/bdd120488520075449d741de70334ef65dd5421e/7/JadenCasingStrings/test_jaden_casing_strings.py
