https://raw.githubusercontent.com/haotian-wu/Hackerrank_solutions/master/Warmup/birthday-cake-candles.cpp
https://raw.githubusercontent.com/RyanFehr/HackerRank/master/Algorithms/Warmup/Birthday%20Cake%20Candles/Solution.cs
https://raw.githubusercontent.com/RyanFehr/HackerRank/master/Algorithms/Warmup/Birthday%20Cake%20Candles/Solution.java
https://raw.githubusercontent.com/danhenriquesc/hackerrank/master/algorithms/warmup/birthday_cake_candles.php
https://raw.githubusercontent.com/anujdutt9/Hackerrank/master/Python3%20Code/Birthday-Cake-Candles.py
https://raw.githubusercontent.com/wjmandella/Birthday-Cake-Candles/master/src/BirthdayCakeCandlesApp.java
https://raw.githubusercontent.com/mahecode/Hackerrank-BirthdayCakeCandles/master/birthday_cake_candle.c
https://raw.githubusercontent.com/Rukusha/HackerRank-Birthday-Cake-Candles/master/main.swift
https://raw.githubusercontent.com/sealanguage/hackerrankBirthdayCakeCandles/master/birthdayCakeCandles.js
https://www.youtube.com/watch?v=1gxFE9EfanE
https://www.youtube.com/watch?v=-7YyufXDd7k
https://www.facebook.com/HackerRankSolutionTutorials/videos/2291406314217198/
https://www.youtube.com/watch?v=4bqurNP1AnQ
https://www.youtube.com/watch?v=3iT1akTZzqU
https://www.youtube.com/watch?v=9dUSMI5uBpk
