https://raw.githubusercontent.com/wjmandella/Birthday-Cake-Candles/master/src/BirthdayCakeCandlesApp.java
https://raw.githubusercontent.com/mahecode/Hackerrank-BirthdayCakeCandles/master/birthday_cake_candle.c
https://raw.githubusercontent.com/Rukusha/HackerRank-Birthday-Cake-Candles/master/main.swift
https://raw.githubusercontent.com/sealanguage/hackerrankBirthdayCakeCandles/master/birthdayCakeCandles.js
https://raw.githubusercontent.com/sapanz/Hackerrank-Problem-Solving-Python-Solutions/master/HackerRank-Birthday%20Cake%20Candles/Birthday_Cake_Candles.py
https://raw.githubusercontent.com/jaboud/HackerRank-Birthday-Cake-Candles/master/HackerRank-Birthday-Cake-Candles/Program.cs
https://raw.githubusercontent.com/techinologic/hackerrank-algorithm-birthday-cake-candles/master/src/com/example/java/Solution.java
https://raw.githubusercontent.com/patilcodes/Birthday-Cake-Candles-hacker-rank/master/README.md
https://raw.githubusercontent.com/EngineerWebDeveloper/Birthday-Cake-Candles-Hackerrank/master/Solution
https://raw.githubusercontent.com/yorkglez/HackerRank_BirthdayCakeCandles/master/src/com/birthdaycakecandles/app/Solution.java

