https://raw.githubusercontent.com/coderbond007/Hackerrank-Algorithms-Problem-Solutions/master/warmup/Staircase.c
https://raw.githubusercontent.com/danhenriquesc/hackerrank/master/algorithms/warmup/staircase.cpp
https://raw.githubusercontent.com/RyanFehr/HackerRank/master/Algorithms/Warmup/Staircase/Solution.cs
https://raw.githubusercontent.com/Lytol/hackerrank-go/master/staircase/main.go
https://raw.githubusercontent.com/yanz67/HackerRank/master/Algorithms/Warmup/StairCase.java
https://gist.githubusercontent.com/MariaSzubski/b6d36cb8128ab09db494ff8127c366d7/raw/2e74a593e1f20b7ea01e6b1d7970ef0be466d0bf/staircase.js
https://raw.githubusercontent.com/skananitos/programmingChallenges/master/staircase/staircase.php
https://raw.githubusercontent.com/rahulraghavendhra/HackerRank-Python/master/staircase.py
https://raw.githubusercontent.com/marioluan/hacker-rank-solved-problems/master/algorithms/warmup/staircase.rb
https://raw.githubusercontent.com/pbrit/hackerrank-rust/master/staircase/src/main.rs
https://raw.githubusercontent.com/TomLous/hackerrank/master/src/main/scala/algorithms/warmup/Staircase.scala
https://raw.githubusercontent.com/rajibsingh/hackerrank-swift/master/staircase.swift
https://raw.githubusercontent.com/MaskRay/HackerRank/master/staircase.clj
https://github.com/Anu143/staircase/blob/master/staircase.c
https://github.com/Jandrewswcyt/Staircase/blob/master/Program.cs
https://github.com/mracipayam/Staircase-Problem-HackerRank-Solution/blob/master/staircaseProblem.swift